Classic Timing Analyzer report for 38yima
Sun Jun 06 16:48:48 2021
Quartus II Version 9.0 Build 132 02/25/2009 SJ Full Version


---------------------
; Table of Contents ;
---------------------
  1. Legal Notice
  2. Timing Analyzer Summary
  3. Timing Analyzer Settings
  4. Parallel Compilation
  5. tpd
  6. Timing Analyzer Messages



----------------
; Legal Notice ;
----------------
Copyright (C) 1991-2009 Altera Corporation
Your use of Altera Corporation's design tools, logic functions 
and other software and tools, and its AMPP partner logic 
functions, and any output files from any of the foregoing 
(including device programming or simulation files), and any 
associated documentation or information are expressly subject 
to the terms and conditions of the Altera Program License 
Subscription Agreement, Altera MegaCore Function License 
Agreement, or other applicable license agreement, including, 
without limitation, that your use is for the sole purpose of 
programming logic devices manufactured by Altera and sold by 
Altera or its authorized distributors.  Please refer to the 
applicable agreement for further details.



+------------------------------------------------------------------------------------------------------------------------+
; Timing Analyzer Summary                                                                                                ;
+------------------------------+-------+---------------+-------------+------+-----+------------+----------+--------------+
; Type                         ; Slack ; Required Time ; Actual Time ; From ; To  ; From Clock ; To Clock ; Failed Paths ;
+------------------------------+-------+---------------+-------------+------+-----+------------+----------+--------------+
; Worst-case tpd               ; N/A   ; None          ; 6.941 ns    ; A    ; Y1N ; --         ; --       ; 0            ;
; Total number of failed paths ;       ;               ;             ;      ;     ;            ;          ; 0            ;
+------------------------------+-------+---------------+-------------+------+-----+------------+----------+--------------+


+--------------------------------------------------------------------------------------------------------------------+
; Timing Analyzer Settings                                                                                           ;
+---------------------------------------------------------------------+--------------------+------+----+-------------+
; Option                                                              ; Setting            ; From ; To ; Entity Name ;
+---------------------------------------------------------------------+--------------------+------+----+-------------+
; Device Name                                                         ; EP2C5T144C8        ;      ;    ;             ;
; Timing Models                                                       ; Final              ;      ;    ;             ;
; Default hold multicycle                                             ; Same as Multicycle ;      ;    ;             ;
; Cut paths between unrelated clock domains                           ; On                 ;      ;    ;             ;
; Cut off read during write signal paths                              ; On                 ;      ;    ;             ;
; Cut off feedback from I/O pins                                      ; On                 ;      ;    ;             ;
; Report Combined Fast/Slow Timing                                    ; Off                ;      ;    ;             ;
; Ignore Clock Settings                                               ; Off                ;      ;    ;             ;
; Analyze latches as synchronous elements                             ; On                 ;      ;    ;             ;
; Enable Recovery/Removal analysis                                    ; Off                ;      ;    ;             ;
; Enable Clock Latency                                                ; Off                ;      ;    ;             ;
; Use TimeQuest Timing Analyzer                                       ; Off                ;      ;    ;             ;
; Minimum Core Junction Temperature                                   ; 0                  ;      ;    ;             ;
; Maximum Core Junction Temperature                                   ; 85                 ;      ;    ;             ;
; Number of source nodes to report per destination node               ; 10                 ;      ;    ;             ;
; Number of destination nodes to report                               ; 10                 ;      ;    ;             ;
; Number of paths to report                                           ; 200                ;      ;    ;             ;
; Report Minimum Timing Checks                                        ; Off                ;      ;    ;             ;
; Use Fast Timing Models                                              ; Off                ;      ;    ;             ;
; Report IO Paths Separately                                          ; Off                ;      ;    ;             ;
; Perform Multicorner Analysis                                        ; On                 ;      ;    ;             ;
; Reports the worst-case path for each clock domain and analysis      ; Off                ;      ;    ;             ;
; Removes common clock path pessimism (CCPP) during slack computation ; Off                ;      ;    ;             ;
; Output I/O Timing Endpoint                                          ; Near End           ;      ;    ;             ;
+---------------------------------------------------------------------+--------------------+------+----+-------------+


+------------------------------------------+
; Parallel Compilation                     ;
+----------------------------+-------------+
; Processors                 ; Number      ;
+----------------------------+-------------+
; Number detected on machine ; 12          ;
; Maximum allowed            ; 4           ;
;                            ;             ;
; Average used               ; 1.00        ;
; Maximum used               ; 1           ;
;                            ;             ;
; Usage by Processor         ; % Time Used ;
;     1 processor            ; 100.0%      ;
;     2-12 processors        ;   0.0%      ;
+----------------------------+-------------+


+----------------------------------------------------------+
; tpd                                                      ;
+-------+-------------------+-----------------+------+-----+
; Slack ; Required P2P Time ; Actual P2P Time ; From ; To  ;
+-------+-------------------+-----------------+------+-----+
; N/A   ; None              ; 6.941 ns        ; A    ; Y1N ;
; N/A   ; None              ; 6.847 ns        ; A    ; Y4N ;
; N/A   ; None              ; 6.809 ns        ; A    ; Y7N ;
; N/A   ; None              ; 6.701 ns        ; A    ; Y6N ;
; N/A   ; None              ; 6.701 ns        ; A    ; Y2N ;
; N/A   ; None              ; 6.642 ns        ; C    ; Y4N ;
; N/A   ; None              ; 6.626 ns        ; C    ; Y1N ;
; N/A   ; None              ; 6.535 ns        ; C    ; Y6N ;
; N/A   ; None              ; 6.533 ns        ; C    ; Y2N ;
; N/A   ; None              ; 6.531 ns        ; A    ; Y5N ;
; N/A   ; None              ; 6.523 ns        ; C    ; Y7N ;
; N/A   ; None              ; 6.498 ns        ; B    ; Y4N ;
; N/A   ; None              ; 6.483 ns        ; A    ; Y3N ;
; N/A   ; None              ; 6.482 ns        ; B    ; Y1N ;
; N/A   ; None              ; 6.392 ns        ; B    ; Y6N ;
; N/A   ; None              ; 6.386 ns        ; B    ; Y7N ;
; N/A   ; None              ; 6.384 ns        ; B    ; Y2N ;
; N/A   ; None              ; 6.304 ns        ; A    ; Y0N ;
; N/A   ; None              ; 6.212 ns        ; C    ; Y5N ;
; N/A   ; None              ; 6.208 ns        ; C    ; Y3N ;
; N/A   ; None              ; 6.102 ns        ; C    ; Y0N ;
; N/A   ; None              ; 6.056 ns        ; B    ; Y5N ;
; N/A   ; None              ; 6.056 ns        ; B    ; Y3N ;
; N/A   ; None              ; 5.946 ns        ; B    ; Y0N ;
+-------+-------------------+-----------------+------+-----+


+--------------------------+
; Timing Analyzer Messages ;
+--------------------------+
Info: *******************************************************************
Info: Running Quartus II Classic Timing Analyzer
    Info: Version 9.0 Build 132 02/25/2009 SJ Full Version
    Info: Processing started: Sun Jun 06 16:48:48 2021
Info: Command: quartus_tan --read_settings_files=off --write_settings_files=off 38yima -c 38yima --timing_analysis_only
Info: Parallel compilation is enabled and will use 4 of the 12 processors detected
Info: Longest tpd from source pin "A" to destination pin "Y1N" is 6.941 ns
    Info: 1: + IC(0.000 ns) + CELL(1.100 ns) = 1.100 ns; Loc. = PIN_17; Fanout = 8; PIN Node = 'A'
    Info: 2: + IC(0.671 ns) + CELL(0.647 ns) = 2.418 ns; Loc. = LCCOMB_X1_Y6_N10; Fanout = 1; COMB Node = '74138:inst|15~1'
    Info: 3: + IC(1.267 ns) + CELL(3.256 ns) = 6.941 ns; Loc. = PIN_143; Fanout = 0; PIN Node = 'Y1N'
    Info: Total cell delay = 5.003 ns ( 72.08 % )
    Info: Total interconnect delay = 1.938 ns ( 27.92 % )
Info: Quartus II Classic Timing Analyzer was successful. 0 errors, 0 warnings
    Info: Peak virtual memory: 194 megabytes
    Info: Processing ended: Sun Jun 06 16:48:48 2021
    Info: Elapsed time: 00:00:00
    Info: Total CPU time (on all processors): 00:00:00


