TimeQuest Timing Analyzer report for fourBitCoparer
Sat Jan 11 20:30:58 2014
Quartus II 32-bit Version 13.1.0 Build 162 10/23/2013 SJ Full Version


---------------------
; Table of Contents ;
---------------------
  1. Legal Notice
  2. TimeQuest Timing Analyzer Summary
  3. Parallel Compilation
  4. Clocks
  5. Slow 1200mV 85C Model Fmax Summary
  6. Timing Closure Recommendations
  7. Slow 1200mV 85C Model Setup Summary
  8. Slow 1200mV 85C Model Hold Summary
  9. Slow 1200mV 85C Model Recovery Summary
 10. Slow 1200mV 85C Model Removal Summary
 11. Slow 1200mV 85C Model Minimum Pulse Width Summary
 12. Propagation Delay
 13. Minimum Propagation Delay
 14. Slow 1200mV 85C Model Metastability Report
 15. Slow 1200mV 0C Model Fmax Summary
 16. Slow 1200mV 0C Model Setup Summary
 17. Slow 1200mV 0C Model Hold Summary
 18. Slow 1200mV 0C Model Recovery Summary
 19. Slow 1200mV 0C Model Removal Summary
 20. Slow 1200mV 0C Model Minimum Pulse Width Summary
 21. Propagation Delay
 22. Minimum Propagation Delay
 23. Slow 1200mV 0C Model Metastability Report
 24. Fast 1200mV 0C Model Setup Summary
 25. Fast 1200mV 0C Model Hold Summary
 26. Fast 1200mV 0C Model Recovery Summary
 27. Fast 1200mV 0C Model Removal Summary
 28. Fast 1200mV 0C Model Minimum Pulse Width Summary
 29. Propagation Delay
 30. Minimum Propagation Delay
 31. Fast 1200mV 0C Model Metastability Report
 32. Multicorner Timing Analysis Summary
 33. Propagation Delay
 34. Minimum Propagation Delay
 35. Board Trace Model Assignments
 36. Input Transition Times
 37. Signal Integrity Metrics (Slow 1200mv 0c Model)
 38. Signal Integrity Metrics (Slow 1200mv 85c Model)
 39. Signal Integrity Metrics (Fast 1200mv 0c Model)
 40. Clock Transfers
 41. Report TCCS
 42. Report RSKM
 43. Unconstrained Paths
 44. TimeQuest Timing Analyzer Messages



----------------
; Legal Notice ;
----------------
Copyright (C) 1991-2013 Altera Corporation
Your use of Altera Corporation's design tools, logic functions 
and other software and tools, and its AMPP partner logic 
functions, and any output files from any of the foregoing 
(including device programming or simulation files), and any 
associated documentation or information are expressly subject 
to the terms and conditions of the Altera Program License 
Subscription Agreement, Altera MegaCore Function License 
Agreement, or other applicable license agreement, including, 
without limitation, that your use is for the sole purpose of 
programming logic devices manufactured by Altera and sold by 
Altera or its authorized distributors.  Please refer to the 
applicable agreement for further details.



+--------------------------------------------------------------------------+
; TimeQuest Timing Analyzer Summary                                        ;
+--------------------+-----------------------------------------------------+
; Quartus II Version ; Version 13.1.0 Build 162 10/23/2013 SJ Full Version ;
; Revision Name      ; fourBitCoparer                                      ;
; Device Family      ; Cyclone IV GX                                       ;
; Device Name        ; EP4CGX15BF14C6                                      ;
; Timing Models      ; Final                                               ;
; Delay Model        ; Combined                                            ;
; Rise/Fall Delays   ; Enabled                                             ;
+--------------------+-----------------------------------------------------+


+------------------------------------------+
; Parallel Compilation                     ;
+----------------------------+-------------+
; Processors                 ; Number      ;
+----------------------------+-------------+
; Number detected on machine ; 2           ;
; Maximum allowed            ; 2           ;
;                            ;             ;
; Average used               ; 1.00        ;
; Maximum used               ; 2           ;
;                            ;             ;
; Usage by Processor         ; % Time Used ;
;     Processor 1            ; 100.0%      ;
;     Processor 2            ; < 0.1%      ;
+----------------------------+-------------+


----------
; Clocks ;
----------
No clocks to report.


--------------------------------------
; Slow 1200mV 85C Model Fmax Summary ;
--------------------------------------
No paths to report.


----------------------------------
; Timing Closure Recommendations ;
----------------------------------
HTML report is unavailable in plain text report export.


---------------------------------------
; Slow 1200mV 85C Model Setup Summary ;
---------------------------------------
No paths to report.


--------------------------------------
; Slow 1200mV 85C Model Hold Summary ;
--------------------------------------
No paths to report.


------------------------------------------
; Slow 1200mV 85C Model Recovery Summary ;
------------------------------------------
No paths to report.


-----------------------------------------
; Slow 1200mV 85C Model Removal Summary ;
-----------------------------------------
No paths to report.


-----------------------------------------------------
; Slow 1200mV 85C Model Minimum Pulse Width Summary ;
-----------------------------------------------------
No paths to report.


+--------------------------------------------------------------+
; Propagation Delay                                            ;
+------------+-------------+--------+--------+--------+--------+
; Input Port ; Output Port ; RR     ; RF     ; FR     ; FF     ;
+------------+-------------+--------+--------+--------+--------+
; A0         ; E           ; 8.511  ; 8.398  ; 9.055  ; 8.886  ;
; A0         ; E0          ; 8.734  ; 8.795  ; 9.278  ; 9.283  ;
; A0         ; L           ; 10.788 ;        ;        ; 11.345 ;
; A0         ; L0          ; 8.608  ;        ;        ; 9.068  ;
; A0         ; S           ;        ; 8.848  ; 9.437  ;        ;
; A0         ; S0          ;        ; 9.348  ; 9.941  ;        ;
; A1         ; E           ; 8.877  ; 8.767  ; 9.387  ; 9.245  ;
; A1         ; E1          ; 7.906  ; 8.012  ; 8.416  ; 8.490  ;
; A1         ; L           ; 10.550 ;        ;        ; 11.079 ;
; A1         ; L1          ; 8.554  ;        ;        ; 8.972  ;
; A1         ; S           ;        ; 8.615  ; 9.186  ;        ;
; A1         ; S1          ;        ; 8.428  ; 9.016  ;        ;
; A2         ; E           ; 8.262  ; 8.164  ; 8.708  ; 8.619  ;
; A2         ; E2          ; 7.426  ; 7.529  ; 7.872  ; 7.984  ;
; A2         ; L           ; 10.548 ; 10.583 ; 11.002 ; 11.028 ;
; A2         ; L2          ; 7.554  ;        ;        ; 7.896  ;
; A2         ; S           ; 8.711  ; 8.682  ; 9.165  ; 9.127  ;
; A2         ; S2          ;        ; 7.722  ; 8.304  ;        ;
; A3         ; E           ; 8.842  ; 8.750  ; 9.390  ; 9.230  ;
; A3         ; E3          ; 8.436  ; 8.525  ; 8.984  ; 9.005  ;
; A3         ; L           ; 11.083 ; 11.153 ; 11.602 ; 11.616 ;
; A3         ; L3          ; 6.831  ;        ;        ; 7.125  ;
; A3         ; S           ; 9.246  ; 9.252  ; 9.765  ; 9.715  ;
; A3         ; S3          ;        ; 6.686  ; 7.247  ;        ;
; B0         ; E           ; 8.668  ; 8.542  ; 9.194  ; 9.077  ;
; B0         ; E0          ; 8.891  ; 8.939  ; 9.417  ; 9.474  ;
; B0         ; L           ;        ; 10.961 ; 11.470 ;        ;
; B0         ; L0          ;        ; 8.684  ; 9.290  ;        ;
; B0         ; S           ; 9.094  ;        ;        ; 9.533  ;
; B0         ; S0          ; 9.598  ;        ;        ; 10.033 ;
; B1         ; E           ; 8.848  ; 8.712  ; 9.351  ; 9.218  ;
; B1         ; E1          ; 7.877  ; 7.957  ; 8.380  ; 8.463  ;
; B1         ; L           ;        ; 10.541 ; 11.003 ;        ;
; B1         ; L1          ;        ; 8.437  ; 9.010  ;        ;
; B1         ; S           ; 8.637  ;        ;        ; 9.089  ;
; B1         ; S1          ; 8.482  ;        ;        ; 8.903  ;
; B2         ; E           ; 8.456  ; 8.371  ; 8.979  ; 8.838  ;
; B2         ; E2          ; 7.620  ; 7.736  ; 8.143  ; 8.203  ;
; B2         ; L           ; 10.703 ; 10.817 ; 11.249 ; 11.234 ;
; B2         ; L2          ;        ; 7.643  ; 8.227  ;        ;
; B2         ; S           ; 8.866  ; 8.916  ; 9.412  ; 9.333  ;
; B2         ; S2          ; 8.057  ;        ;        ; 8.440  ;
; B3         ; E           ; 8.249  ; 8.141  ; 8.714  ; 8.615  ;
; B3         ; E3          ; 7.843  ; 7.916  ; 8.308  ; 8.390  ;
; B3         ; L           ; 10.535 ; 10.568 ; 10.983 ; 11.048 ;
; B3         ; L3          ;        ; 7.494  ; 8.136  ;        ;
; B3         ; S           ; 8.698  ; 8.667  ; 9.146  ; 9.147  ;
; B3         ; S3          ; 7.608  ;        ;        ; 8.021  ;
+------------+-------------+--------+--------+--------+--------+


+--------------------------------------------------------------+
; Minimum Propagation Delay                                    ;
+------------+-------------+--------+--------+--------+--------+
; Input Port ; Output Port ; RR     ; RF     ; FR     ; FF     ;
+------------+-------------+--------+--------+--------+--------+
; A0         ; E           ; 8.197  ; 8.084  ; 8.701  ; 8.549  ;
; A0         ; E0          ; 8.439  ; 8.500  ; 8.943  ; 8.965  ;
; A0         ; L           ; 10.412 ;        ;        ; 10.926 ;
; A0         ; L0          ; 8.291  ;        ;        ; 8.709  ;
; A0         ; S           ;        ; 8.513  ; 9.079  ;        ;
; A0         ; S0          ;        ; 8.993  ; 9.562  ;        ;
; A1         ; E           ; 8.568  ; 8.459  ; 9.066  ; 8.926  ;
; A1         ; E1          ; 7.629  ; 7.734  ; 8.127  ; 8.201  ;
; A1         ; L           ; 10.203 ;        ;        ; 10.718 ;
; A1         ; L1          ; 8.256  ;        ;        ; 8.662  ;
; A1         ; S           ;        ; 8.310  ; 8.871  ;        ;
; A1         ; S1          ;        ; 8.135  ; 8.711  ;        ;
; A2         ; E           ; 7.987  ; 7.889  ; 8.418  ; 8.329  ;
; A2         ; E2          ; 7.180  ; 7.283  ; 7.611  ; 7.723  ;
; A2         ; L           ; 9.774  ; 10.204 ; 10.604 ; 10.247 ;
; A2         ; L2          ; 7.307  ;        ;        ; 7.634  ;
; A2         ; S           ; 8.364  ; 8.027  ; 8.554  ; 8.734  ;
; A2         ; S2          ;        ; 7.461  ; 8.026  ;        ;
; A3         ; E           ; 8.511  ; 8.420  ; 9.025  ; 8.891  ;
; A3         ; E3          ; 8.113  ; 8.203  ; 8.627  ; 8.674  ;
; A3         ; L           ; 9.724  ; 10.702 ; 11.153 ; 10.241 ;
; A3         ; L3          ; 6.608  ;        ;        ; 6.893  ;
; A3         ; S           ; 8.822  ; 7.840  ; 8.439  ; 9.284  ;
; A3         ; S3          ;        ; 6.465  ; 7.015  ;        ;
; B0         ; E           ; 8.373  ; 8.247  ; 8.884  ; 8.767  ;
; B0         ; E0          ; 8.615  ; 8.663  ; 9.126  ; 9.183  ;
; B0         ; L           ;        ; 10.600 ; 11.098 ;        ;
; B0         ; L0          ;        ; 8.383  ; 8.977  ;        ;
; B0         ; S           ; 8.778  ;        ;        ; 9.202  ;
; B0         ; S0          ; 9.261  ;        ;        ; 9.682  ;
; B1         ; E           ; 8.479  ; 8.346  ; 8.957  ; 8.851  ;
; B1         ; E1          ; 7.540  ; 7.621  ; 8.018  ; 8.126  ;
; B1         ; L           ;        ; 10.151 ; 10.618 ;        ;
; B1         ; L1          ;        ; 8.078  ; 8.652  ;        ;
; B1         ; S           ; 8.290  ;        ;        ; 8.717  ;
; B1         ; S1          ; 8.130  ;        ;        ; 8.523  ;
; B2         ; E           ; 8.145  ; 8.060  ; 8.628  ; 8.504  ;
; B2         ; E2          ; 7.338  ; 7.454  ; 7.821  ; 7.898  ;
; B2         ; L           ; 10.297 ; 9.973  ; 10.388 ; 10.813 ;
; B2         ; L2          ;        ; 7.360  ; 7.921  ;        ;
; B2         ; S           ; 8.286  ; 8.518  ; 9.025  ; 8.669  ;
; B2         ; S2          ; 7.758  ;        ;        ; 8.103  ;
; B3         ; E           ; 7.969  ; 7.862  ; 8.422  ; 8.324  ;
; B3         ; E3          ; 7.571  ; 7.645  ; 8.024  ; 8.107  ;
; B3         ; L           ; 10.144 ; 9.197  ; 9.666  ; 10.652 ;
; B3         ; L3          ;        ; 7.241  ; 7.868  ;        ;
; B3         ; S           ; 7.408  ; 8.281  ; 8.783  ; 7.743  ;
; B3         ; S3          ; 7.356  ;        ;        ; 7.753  ;
+------------+-------------+--------+--------+--------+--------+


----------------------------------------------
; Slow 1200mV 85C Model Metastability Report ;
----------------------------------------------
No synchronizer chains to report.


-------------------------------------
; Slow 1200mV 0C Model Fmax Summary ;
-------------------------------------
No paths to report.


--------------------------------------
; Slow 1200mV 0C Model Setup Summary ;
--------------------------------------
No paths to report.


-------------------------------------
; Slow 1200mV 0C Model Hold Summary ;
-------------------------------------
No paths to report.


-----------------------------------------
; Slow 1200mV 0C Model Recovery Summary ;
-----------------------------------------
No paths to report.


----------------------------------------
; Slow 1200mV 0C Model Removal Summary ;
----------------------------------------
No paths to report.


----------------------------------------------------
; Slow 1200mV 0C Model Minimum Pulse Width Summary ;
----------------------------------------------------
No paths to report.


+------------------------------------------------------------+
; Propagation Delay                                          ;
+------------+-------------+-------+-------+--------+--------+
; Input Port ; Output Port ; RR    ; RF    ; FR     ; FF     ;
+------------+-------------+-------+-------+--------+--------+
; A0         ; E           ; 7.565 ; 7.432 ; 7.999  ; 7.812  ;
; A0         ; E0          ; 7.700 ; 7.766 ; 8.134  ; 8.146  ;
; A0         ; L           ; 9.592 ;       ;        ; 9.973  ;
; A0         ; L0          ; 7.670 ;       ;        ; 7.971  ;
; A0         ; S           ;       ; 7.823 ; 8.353  ;        ;
; A0         ; S0          ;       ; 8.290 ; 8.794  ;        ;
; A1         ; E           ; 7.892 ; 7.770 ; 8.289  ; 8.138  ;
; A1         ; E1          ; 6.997 ; 7.093 ; 7.394  ; 7.461  ;
; A1         ; L           ; 9.378 ;       ;        ; 9.736  ;
; A1         ; L1          ; 7.623 ;       ;        ; 7.864  ;
; A1         ; S           ;       ; 7.622 ; 8.126  ;        ;
; A1         ; S1          ;       ; 7.462 ; 7.982  ;        ;
; A2         ; E           ; 7.346 ; 7.231 ; 7.696  ; 7.589  ;
; A2         ; E2          ; 6.556 ; 6.683 ; 6.906  ; 7.041  ;
; A2         ; L           ; 9.382 ; 9.345 ; 9.740  ; 9.695  ;
; A2         ; L2          ; 6.707 ;       ;        ; 6.929  ;
; A2         ; S           ; 7.763 ; 7.674 ; 8.121  ; 8.024  ;
; A2         ; S2          ;       ; 6.824 ; 7.317  ;        ;
; A3         ; E           ; 7.854 ; 7.749 ; 8.290  ; 8.120  ;
; A3         ; E3          ; 7.458 ; 7.565 ; 7.894  ; 7.936  ;
; A3         ; L           ; 9.859 ; 9.854 ; 10.264 ; 10.211 ;
; A3         ; L3          ; 6.038 ;       ;        ; 6.231  ;
; A3         ; S           ; 8.240 ; 8.183 ; 8.645  ; 8.540  ;
; A3         ; S3          ;       ; 5.873 ; 6.377  ;        ;
; B0         ; E           ; 7.723 ; 7.578 ; 8.134  ; 7.997  ;
; B0         ; E0          ; 7.858 ; 7.912 ; 8.269  ; 8.331  ;
; B0         ; L           ;       ; 9.701 ; 10.160 ;        ;
; B0         ; L0          ;       ; 7.699 ; 8.238  ;        ;
; B0         ; S           ; 8.122 ;       ;        ; 8.394  ;
; B0         ; S0          ; 8.563 ;       ;        ; 8.861  ;
; B1         ; E           ; 7.863 ; 7.717 ; 8.260  ; 8.118  ;
; B1         ; E1          ; 6.968 ; 7.040 ; 7.365  ; 7.441  ;
; B1         ; L           ;       ; 9.311 ; 9.728  ;        ;
; B1         ; L1          ;       ; 7.442 ; 7.976  ;        ;
; B1         ; S           ; 7.686 ;       ;        ; 7.990  ;
; B1         ; S1          ; 7.561 ;       ;        ; 7.830  ;
; B2         ; E           ; 7.513 ; 7.410 ; 7.931  ; 7.774  ;
; B2         ; E2          ; 6.723 ; 6.862 ; 7.141  ; 7.226  ;
; B2         ; L           ; 9.514 ; 9.549 ; 9.953  ; 9.871  ;
; B2         ; L2          ;       ; 6.746 ; 7.250  ;        ;
; B2         ; S           ; 7.895 ; 7.878 ; 8.334  ; 8.200  ;
; B2         ; S2          ; 7.140 ;       ;        ; 7.409  ;
; B3         ; E           ; 7.317 ; 7.196 ; 7.691  ; 7.578  ;
; B3         ; E3          ; 6.921 ; 7.012 ; 7.295  ; 7.394  ;
; B3         ; L           ; 9.359 ; 9.320 ; 9.725  ; 9.715  ;
; B3         ; L3          ;       ; 6.619 ; 7.177  ;        ;
; B3         ; S           ; 7.740 ; 7.649 ; 8.106  ; 8.044  ;
; B3         ; S3          ; 6.760 ;       ;        ; 7.040  ;
+------------+-------------+-------+-------+--------+--------+


+----------------------------------------------------------+
; Minimum Propagation Delay                                ;
+------------+-------------+-------+-------+-------+-------+
; Input Port ; Output Port ; RR    ; RF    ; FR    ; FF    ;
+------------+-------------+-------+-------+-------+-------+
; A0         ; E           ; 7.287 ; 7.151 ; 7.686 ; 7.515 ;
; A0         ; E0          ; 7.442 ; 7.501 ; 7.841 ; 7.865 ;
; A0         ; L           ; 9.252 ;       ;       ; 9.605 ;
; A0         ; L0          ; 7.385 ;       ;       ; 7.656 ;
; A0         ; S           ;       ; 7.531 ; 8.037 ;       ;
; A0         ; S0          ;       ; 7.977 ; 8.460 ;       ;
; A1         ; E           ; 7.615 ; 7.496 ; 8.004 ; 7.857 ;
; A1         ; E1          ; 6.750 ; 6.845 ; 7.139 ; 7.206 ;
; A1         ; L           ; 9.067 ;       ;       ; 9.416 ;
; A1         ; L1          ; 7.360 ;       ;       ; 7.595 ;
; A1         ; S           ;       ; 7.353 ; 7.846 ;       ;
; A1         ; S1          ;       ; 7.199 ; 7.710 ;       ;
; A2         ; E           ; 7.097 ; 6.982 ; 7.440 ; 7.331 ;
; A2         ; E2          ; 6.335 ; 6.462 ; 6.678 ; 6.811 ;
; A2         ; L           ; 8.676 ; 9.004 ; 9.380 ; 8.998 ;
; A2         ; L2          ; 6.484 ;       ;       ; 6.699 ;
; A2         ; S           ; 7.451 ; 7.087 ; 7.574 ; 7.679 ;
; A2         ; S2          ;       ; 6.588 ; 7.071 ;       ;
; A3         ; E           ; 7.562 ; 7.452 ; 7.965 ; 7.820 ;
; A3         ; E3          ; 7.176 ; 7.275 ; 7.579 ; 7.643 ;
; A3         ; L           ; 8.625 ; 9.447 ; 9.861 ; 8.986 ;
; A3         ; L3          ; 5.841 ;       ;       ; 6.028 ;
; A3         ; S           ; 7.859 ; 6.928 ; 7.450 ; 8.161 ;
; A3         ; S3          ;       ; 5.677 ; 6.171 ;       ;
; B0         ; E           ; 7.458 ; 7.315 ; 7.859 ; 7.722 ;
; B0         ; E0          ; 7.613 ; 7.665 ; 8.014 ; 8.072 ;
; B0         ; L           ;       ; 9.379 ; 9.826 ;       ;
; B0         ; L0          ;       ; 7.430 ; 7.959 ;       ;
; B0         ; S           ; 7.838 ;       ;       ; 8.105 ;
; B0         ; S0          ; 8.261 ;       ;       ; 8.551 ;
; B1         ; E           ; 7.535 ; 7.389 ; 7.908 ; 7.791 ;
; B1         ; E1          ; 6.670 ; 6.738 ; 7.043 ; 7.140 ;
; B1         ; L           ;       ; 8.959 ; 9.381 ;       ;
; B1         ; L1          ;       ; 7.130 ; 7.659 ;       ;
; B1         ; S           ; 7.379 ;       ;       ; 7.663 ;
; B1         ; S1          ; 7.243 ;       ;       ; 7.492 ;
; B2         ; E           ; 7.238 ; 7.130 ; 7.622 ; 7.479 ;
; B2         ; E2          ; 6.476 ; 6.610 ; 6.860 ; 6.959 ;
; B2         ; L           ; 9.146 ; 8.796 ; 9.173 ; 9.498 ;
; B2         ; L2          ;       ; 6.497 ; 6.981 ;       ;
; B2         ; S           ; 7.375 ; 7.527 ; 7.988 ; 7.612 ;
; B2         ; S2          ; 6.872 ;       ;       ; 7.113 ;
; B3         ; E           ; 7.066 ; 6.948 ; 7.433 ; 7.321 ;
; B3         ; E3          ; 6.680 ; 6.771 ; 7.047 ; 7.144 ;
; B3         ; L           ; 9.006 ; 8.099 ; 8.527 ; 9.362 ;
; B3         ; L3          ;       ; 6.394 ; 6.943 ;       ;
; B3         ; S           ; 6.576 ; 7.309 ; 7.783 ; 6.793 ;
; B3         ; S3          ; 6.533 ;       ;       ; 6.804 ;
+------------+-------------+-------+-------+-------+-------+


---------------------------------------------
; Slow 1200mV 0C Model Metastability Report ;
---------------------------------------------
No synchronizer chains to report.


--------------------------------------
; Fast 1200mV 0C Model Setup Summary ;
--------------------------------------
No paths to report.


-------------------------------------
; Fast 1200mV 0C Model Hold Summary ;
-------------------------------------
No paths to report.


-----------------------------------------
; Fast 1200mV 0C Model Recovery Summary ;
-----------------------------------------
No paths to report.


----------------------------------------
; Fast 1200mV 0C Model Removal Summary ;
----------------------------------------
No paths to report.


----------------------------------------------------
; Fast 1200mV 0C Model Minimum Pulse Width Summary ;
----------------------------------------------------
No paths to report.


+----------------------------------------------------------+
; Propagation Delay                                        ;
+------------+-------------+-------+-------+-------+-------+
; Input Port ; Output Port ; RR    ; RF    ; FR    ; FF    ;
+------------+-------------+-------+-------+-------+-------+
; A0         ; E           ; 4.920 ; 4.962 ; 5.578 ; 5.590 ;
; A0         ; E0          ; 5.275 ; 5.243 ; 5.933 ; 5.871 ;
; A0         ; L           ; 6.329 ;       ;       ; 7.156 ;
; A0         ; L0          ; 4.984 ;       ;       ; 5.721 ;
; A0         ; S           ;       ; 5.210 ; 5.766 ;       ;
; A0         ; S0          ;       ; 5.585 ; 6.094 ;       ;
; A1         ; E           ; 5.123 ; 5.150 ; 5.769 ; 5.778 ;
; A1         ; E1          ; 4.660 ; 4.638 ; 5.306 ; 5.266 ;
; A1         ; L           ; 6.198 ;       ;       ; 7.010 ;
; A1         ; L1          ; 4.989 ;       ;       ; 5.646 ;
; A1         ; S           ;       ; 5.075 ; 5.632 ;       ;
; A1         ; S1          ;       ; 5.004 ; 5.564 ;       ;
; A2         ; E           ; 4.792 ; 4.824 ; 5.372 ; 5.411 ;
; A2         ; E2          ; 4.426 ; 4.384 ; 5.006 ; 4.971 ;
; A2         ; L           ; 6.199 ; 6.386 ; 6.787 ; 6.967 ;
; A2         ; L2          ; 4.398 ;       ;       ; 5.020 ;
; A2         ; S           ; 5.010 ; 5.128 ; 5.598 ; 5.709 ;
; A2         ; S2          ;       ; 4.581 ; 5.133 ;       ;
; A3         ; E           ; 5.109 ; 5.150 ; 5.774 ; 5.782 ;
; A3         ; E3          ; 4.994 ; 4.937 ; 5.659 ; 5.569 ;
; A3         ; L           ; 6.497 ; 6.694 ; 7.149 ; 7.319 ;
; A3         ; L3          ; 3.976 ;       ;       ; 4.532 ;
; A3         ; S           ; 5.308 ; 5.436 ; 5.960 ; 6.061 ;
; A3         ; S3          ;       ; 3.973 ; 4.522 ;       ;
; B0         ; E           ; 5.041 ; 5.070 ; 5.702 ; 5.738 ;
; B0         ; E0          ; 5.396 ; 5.351 ; 6.057 ; 6.019 ;
; B0         ; L           ;       ; 6.623 ; 7.109 ;       ;
; B0         ; L0          ;       ; 5.188 ; 5.764 ;       ;
; B0         ; S           ; 5.248 ;       ;       ; 5.994 ;
; B0         ; S0          ; 5.576 ;       ;       ; 6.369 ;
; B1         ; E           ; 5.121 ; 5.135 ; 5.754 ; 5.777 ;
; B1         ; E1          ; 4.658 ; 4.623 ; 5.291 ; 5.265 ;
; B1         ; L           ;       ; 6.363 ; 6.825 ;       ;
; B1         ; L1          ;       ; 5.002 ; 5.620 ;       ;
; B1         ; S           ; 4.982 ;       ;       ; 5.704 ;
; B1         ; S1          ; 4.922 ;       ;       ; 5.634 ;
; B2         ; E           ; 4.882 ; 4.927 ; 5.523 ; 5.538 ;
; B2         ; E2          ; 4.516 ; 4.487 ; 5.157 ; 5.098 ;
; B2         ; L           ; 6.272 ; 6.500 ; 6.931 ; 7.083 ;
; B2         ; L2          ;       ; 4.530 ; 5.111 ;       ;
; B2         ; S           ; 5.083 ; 5.242 ; 5.742 ; 5.825 ;
; B2         ; S2          ; 4.651 ;       ;       ; 5.313 ;
; B3         ; E           ; 4.773 ; 4.801 ; 5.372 ; 5.407 ;
; B3         ; E3          ; 4.658 ; 4.588 ; 5.257 ; 5.194 ;
; B3         ; L           ; 6.186 ; 6.370 ; 6.767 ; 6.969 ;
; B3         ; L3          ;       ; 4.449 ; 5.082 ;       ;
; B3         ; S           ; 4.997 ; 5.112 ; 5.578 ; 5.711 ;
; B3         ; S3          ; 4.435 ;       ;       ; 5.095 ;
+------------+-------------+-------+-------+-------+-------+


+----------------------------------------------------------+
; Minimum Propagation Delay                                ;
+------------+-------------+-------+-------+-------+-------+
; Input Port ; Output Port ; RR    ; RF    ; FR    ; FF    ;
+------------+-------------+-------+-------+-------+-------+
; A0         ; E           ; 4.735 ; 4.776 ; 5.366 ; 5.384 ;
; A0         ; E0          ; 5.099 ; 5.069 ; 5.730 ; 5.677 ;
; A0         ; L           ; 6.111 ;       ;       ; 6.907 ;
; A0         ; L0          ; 4.797 ;       ;       ; 5.504 ;
; A0         ; S           ;       ; 5.015 ; 5.552 ;       ;
; A0         ; S0          ;       ; 5.371 ; 5.865 ;       ;
; A1         ; E           ; 4.943 ; 4.970 ; 5.579 ; 5.586 ;
; A1         ; E1          ; 4.495 ; 4.476 ; 5.131 ; 5.092 ;
; A1         ; L           ; 5.998 ;       ;       ; 6.795 ;
; A1         ; L1          ; 4.817 ;       ;       ; 5.461 ;
; A1         ; S           ;       ; 4.896 ; 5.446 ;       ;
; A1         ; S1          ;       ; 4.829 ; 5.381 ;       ;
; A2         ; E           ; 4.627 ; 4.657 ; 5.198 ; 5.235 ;
; A2         ; E2          ; 4.276 ; 4.235 ; 4.847 ; 4.813 ;
; A2         ; L           ; 5.769 ; 6.162 ; 6.555 ; 6.522 ;
; A2         ; L2          ; 4.248 ;       ;       ; 4.861 ;
; A2         ; S           ; 4.808 ; 4.759 ; 5.247 ; 5.477 ;
; A2         ; S2          ;       ; 4.422 ; 4.966 ;       ;
; A3         ; E           ; 4.914 ; 4.956 ; 5.560 ; 5.576 ;
; A3         ; E3          ; 4.800 ; 4.749 ; 5.446 ; 5.369 ;
; A3         ; L           ; 5.747 ; 6.434 ; 6.891 ; 6.537 ;
; A3         ; L3          ; 3.843 ;       ;       ; 4.392 ;
; A3         ; S           ; 5.064 ; 4.640 ; 5.226 ; 5.808 ;
; A3         ; S3          ;       ; 3.841 ; 4.382 ;       ;
; B0         ; E           ; 4.866 ; 4.894 ; 5.516 ; 5.551 ;
; B0         ; E0          ; 5.230 ; 5.187 ; 5.880 ; 5.844 ;
; B0         ; L           ;       ; 6.409 ; 6.890 ;       ;
; B0         ; L0          ;       ; 5.006 ; 5.576 ;       ;
; B0         ; S           ; 5.063 ;       ;       ; 5.798 ;
; B0         ; S0          ; 5.376 ;       ;       ; 6.154 ;
; B1         ; E           ; 4.905 ; 4.921 ; 5.523 ; 5.556 ;
; B1         ; E1          ; 4.457 ; 4.427 ; 5.075 ; 5.062 ;
; B1         ; L           ;       ; 6.132 ; 6.599 ;       ;
; B1         ; L1          ;       ; 4.790 ; 5.407 ;       ;
; B1         ; S           ; 4.780 ;       ;       ; 5.488 ;
; B1         ; S1          ; 4.715 ;       ;       ; 5.408 ;
; B2         ; E           ; 4.699 ; 4.742 ; 5.314 ; 5.334 ;
; B2         ; E2          ; 4.348 ; 4.320 ; 4.963 ; 4.912 ;
; B2         ; L           ; 6.041 ; 6.023 ; 6.446 ; 6.830 ;
; B2         ; L2          ;       ; 4.362 ; 4.925 ;       ;
; B2         ; S           ; 4.755 ; 5.006 ; 5.512 ; 5.447 ;
; B2         ; S2          ; 4.474 ;       ;       ; 5.110 ;
; B3         ; E           ; 4.609 ; 4.635 ; 5.200 ; 5.233 ;
; B3         ; E3          ; 4.495 ; 4.428 ; 5.086 ; 5.026 ;
; B3         ; L           ; 5.963 ; 5.591 ; 6.047 ; 6.736 ;
; B3         ; L3          ;       ; 4.297 ; 4.921 ;       ;
; B3         ; S           ; 4.282 ; 4.887 ; 5.367 ; 4.923 ;
; B3         ; S3          ; 4.284 ;       ;       ; 4.934 ;
+------------+-------------+-------+-------+-------+-------+


---------------------------------------------
; Fast 1200mV 0C Model Metastability Report ;
---------------------------------------------
No synchronizer chains to report.


+----------------------------------------------------------------------------+
; Multicorner Timing Analysis Summary                                        ;
+------------------+-------+------+----------+---------+---------------------+
; Clock            ; Setup ; Hold ; Recovery ; Removal ; Minimum Pulse Width ;
+------------------+-------+------+----------+---------+---------------------+
; Worst-case Slack ; N/A   ; N/A  ; N/A      ; N/A     ; N/A                 ;
; Design-wide TNS  ; 0.0   ; 0.0  ; 0.0      ; 0.0     ; 0.0                 ;
+------------------+-------+------+----------+---------+---------------------+


+--------------------------------------------------------------+
; Propagation Delay                                            ;
+------------+-------------+--------+--------+--------+--------+
; Input Port ; Output Port ; RR     ; RF     ; FR     ; FF     ;
+------------+-------------+--------+--------+--------+--------+
; A0         ; E           ; 8.511  ; 8.398  ; 9.055  ; 8.886  ;
; A0         ; E0          ; 8.734  ; 8.795  ; 9.278  ; 9.283  ;
; A0         ; L           ; 10.788 ;        ;        ; 11.345 ;
; A0         ; L0          ; 8.608  ;        ;        ; 9.068  ;
; A0         ; S           ;        ; 8.848  ; 9.437  ;        ;
; A0         ; S0          ;        ; 9.348  ; 9.941  ;        ;
; A1         ; E           ; 8.877  ; 8.767  ; 9.387  ; 9.245  ;
; A1         ; E1          ; 7.906  ; 8.012  ; 8.416  ; 8.490  ;
; A1         ; L           ; 10.550 ;        ;        ; 11.079 ;
; A1         ; L1          ; 8.554  ;        ;        ; 8.972  ;
; A1         ; S           ;        ; 8.615  ; 9.186  ;        ;
; A1         ; S1          ;        ; 8.428  ; 9.016  ;        ;
; A2         ; E           ; 8.262  ; 8.164  ; 8.708  ; 8.619  ;
; A2         ; E2          ; 7.426  ; 7.529  ; 7.872  ; 7.984  ;
; A2         ; L           ; 10.548 ; 10.583 ; 11.002 ; 11.028 ;
; A2         ; L2          ; 7.554  ;        ;        ; 7.896  ;
; A2         ; S           ; 8.711  ; 8.682  ; 9.165  ; 9.127  ;
; A2         ; S2          ;        ; 7.722  ; 8.304  ;        ;
; A3         ; E           ; 8.842  ; 8.750  ; 9.390  ; 9.230  ;
; A3         ; E3          ; 8.436  ; 8.525  ; 8.984  ; 9.005  ;
; A3         ; L           ; 11.083 ; 11.153 ; 11.602 ; 11.616 ;
; A3         ; L3          ; 6.831  ;        ;        ; 7.125  ;
; A3         ; S           ; 9.246  ; 9.252  ; 9.765  ; 9.715  ;
; A3         ; S3          ;        ; 6.686  ; 7.247  ;        ;
; B0         ; E           ; 8.668  ; 8.542  ; 9.194  ; 9.077  ;
; B0         ; E0          ; 8.891  ; 8.939  ; 9.417  ; 9.474  ;
; B0         ; L           ;        ; 10.961 ; 11.470 ;        ;
; B0         ; L0          ;        ; 8.684  ; 9.290  ;        ;
; B0         ; S           ; 9.094  ;        ;        ; 9.533  ;
; B0         ; S0          ; 9.598  ;        ;        ; 10.033 ;
; B1         ; E           ; 8.848  ; 8.712  ; 9.351  ; 9.218  ;
; B1         ; E1          ; 7.877  ; 7.957  ; 8.380  ; 8.463  ;
; B1         ; L           ;        ; 10.541 ; 11.003 ;        ;
; B1         ; L1          ;        ; 8.437  ; 9.010  ;        ;
; B1         ; S           ; 8.637  ;        ;        ; 9.089  ;
; B1         ; S1          ; 8.482  ;        ;        ; 8.903  ;
; B2         ; E           ; 8.456  ; 8.371  ; 8.979  ; 8.838  ;
; B2         ; E2          ; 7.620  ; 7.736  ; 8.143  ; 8.203  ;
; B2         ; L           ; 10.703 ; 10.817 ; 11.249 ; 11.234 ;
; B2         ; L2          ;        ; 7.643  ; 8.227  ;        ;
; B2         ; S           ; 8.866  ; 8.916  ; 9.412  ; 9.333  ;
; B2         ; S2          ; 8.057  ;        ;        ; 8.440  ;
; B3         ; E           ; 8.249  ; 8.141  ; 8.714  ; 8.615  ;
; B3         ; E3          ; 7.843  ; 7.916  ; 8.308  ; 8.390  ;
; B3         ; L           ; 10.535 ; 10.568 ; 10.983 ; 11.048 ;
; B3         ; L3          ;        ; 7.494  ; 8.136  ;        ;
; B3         ; S           ; 8.698  ; 8.667  ; 9.146  ; 9.147  ;
; B3         ; S3          ; 7.608  ;        ;        ; 8.021  ;
+------------+-------------+--------+--------+--------+--------+


+----------------------------------------------------------+
; Minimum Propagation Delay                                ;
+------------+-------------+-------+-------+-------+-------+
; Input Port ; Output Port ; RR    ; RF    ; FR    ; FF    ;
+------------+-------------+-------+-------+-------+-------+
; A0         ; E           ; 4.735 ; 4.776 ; 5.366 ; 5.384 ;
; A0         ; E0          ; 5.099 ; 5.069 ; 5.730 ; 5.677 ;
; A0         ; L           ; 6.111 ;       ;       ; 6.907 ;
; A0         ; L0          ; 4.797 ;       ;       ; 5.504 ;
; A0         ; S           ;       ; 5.015 ; 5.552 ;       ;
; A0         ; S0          ;       ; 5.371 ; 5.865 ;       ;
; A1         ; E           ; 4.943 ; 4.970 ; 5.579 ; 5.586 ;
; A1         ; E1          ; 4.495 ; 4.476 ; 5.131 ; 5.092 ;
; A1         ; L           ; 5.998 ;       ;       ; 6.795 ;
; A1         ; L1          ; 4.817 ;       ;       ; 5.461 ;
; A1         ; S           ;       ; 4.896 ; 5.446 ;       ;
; A1         ; S1          ;       ; 4.829 ; 5.381 ;       ;
; A2         ; E           ; 4.627 ; 4.657 ; 5.198 ; 5.235 ;
; A2         ; E2          ; 4.276 ; 4.235 ; 4.847 ; 4.813 ;
; A2         ; L           ; 5.769 ; 6.162 ; 6.555 ; 6.522 ;
; A2         ; L2          ; 4.248 ;       ;       ; 4.861 ;
; A2         ; S           ; 4.808 ; 4.759 ; 5.247 ; 5.477 ;
; A2         ; S2          ;       ; 4.422 ; 4.966 ;       ;
; A3         ; E           ; 4.914 ; 4.956 ; 5.560 ; 5.576 ;
; A3         ; E3          ; 4.800 ; 4.749 ; 5.446 ; 5.369 ;
; A3         ; L           ; 5.747 ; 6.434 ; 6.891 ; 6.537 ;
; A3         ; L3          ; 3.843 ;       ;       ; 4.392 ;
; A3         ; S           ; 5.064 ; 4.640 ; 5.226 ; 5.808 ;
; A3         ; S3          ;       ; 3.841 ; 4.382 ;       ;
; B0         ; E           ; 4.866 ; 4.894 ; 5.516 ; 5.551 ;
; B0         ; E0          ; 5.230 ; 5.187 ; 5.880 ; 5.844 ;
; B0         ; L           ;       ; 6.409 ; 6.890 ;       ;
; B0         ; L0          ;       ; 5.006 ; 5.576 ;       ;
; B0         ; S           ; 5.063 ;       ;       ; 5.798 ;
; B0         ; S0          ; 5.376 ;       ;       ; 6.154 ;
; B1         ; E           ; 4.905 ; 4.921 ; 5.523 ; 5.556 ;
; B1         ; E1          ; 4.457 ; 4.427 ; 5.075 ; 5.062 ;
; B1         ; L           ;       ; 6.132 ; 6.599 ;       ;
; B1         ; L1          ;       ; 4.790 ; 5.407 ;       ;
; B1         ; S           ; 4.780 ;       ;       ; 5.488 ;
; B1         ; S1          ; 4.715 ;       ;       ; 5.408 ;
; B2         ; E           ; 4.699 ; 4.742 ; 5.314 ; 5.334 ;
; B2         ; E2          ; 4.348 ; 4.320 ; 4.963 ; 4.912 ;
; B2         ; L           ; 6.041 ; 6.023 ; 6.446 ; 6.830 ;
; B2         ; L2          ;       ; 4.362 ; 4.925 ;       ;
; B2         ; S           ; 4.755 ; 5.006 ; 5.512 ; 5.447 ;
; B2         ; S2          ; 4.474 ;       ;       ; 5.110 ;
; B3         ; E           ; 4.609 ; 4.635 ; 5.200 ; 5.233 ;
; B3         ; E3          ; 4.495 ; 4.428 ; 5.086 ; 5.026 ;
; B3         ; L           ; 5.963 ; 5.591 ; 6.047 ; 6.736 ;
; B3         ; L3          ;       ; 4.297 ; 4.921 ;       ;
; B3         ; S           ; 4.282 ; 4.887 ; 5.367 ; 4.923 ;
; B3         ; S3          ; 4.284 ;       ;       ; 4.934 ;
+------------+-------------+-------+-------+-------+-------+


+------------------------------------------------------------------------------------------------------------------------------------------------------------------------------------------------------------------------------------------------------------------------------------------------------------------------------------------------------------------------------------------------------------------+
; Board Trace Model Assignments                                                                                                                                                                                                                                                                                                                                                                                    ;
+---------------+--------------+-------------------+-------------------------+-------------------------+---------------+---------------------+----------------+------------------+--------+------------------+------------------------+------------------------+--------------+---------------+-----------------+-------+---------------------+--------------------+---------------+-----------------+-------------+
; Pin           ; I/O Standard ; Near Tline Length ; Near Tline L per Length ; Near Tline C per Length ; Near Series R ; Near Differential R ; Near Pull-up R ; Near Pull-down R ; Near C ; Far Tline Length ; Far Tline L per Length ; Far Tline C per Length ; Far Series R ; Far Pull-up R ; Far Pull-down R ; Far C ; Termination Voltage ; Far Differential R ; EBD File Name ; EBD Signal Name ; EBD Far-end ;
+---------------+--------------+-------------------+-------------------------+-------------------------+---------------+---------------------+----------------+------------------+--------+------------------+------------------------+------------------------+--------------+---------------+-----------------+-------+---------------------+--------------------+---------------+-----------------+-------------+
; L0            ; 2.5 V        ; 0 in              ; 0 H/in                  ; 0 F/in                  ; short         ; -                   ; open           ; open             ; open   ; 0 in             ; 0 H/in                 ; 0 F/in                 ; short        ; open          ; open            ; open  ; 0 V                 ; -                  ; n/a           ; n/a             ; n/a         ;
; S0            ; 2.5 V        ; 0 in              ; 0 H/in                  ; 0 F/in                  ; short         ; -                   ; open           ; open             ; open   ; 0 in             ; 0 H/in                 ; 0 F/in                 ; short        ; open          ; open            ; open  ; 0 V                 ; -                  ; n/a           ; n/a             ; n/a         ;
; E0            ; 2.5 V        ; 0 in              ; 0 H/in                  ; 0 F/in                  ; short         ; -                   ; open           ; open             ; open   ; 0 in             ; 0 H/in                 ; 0 F/in                 ; short        ; open          ; open            ; open  ; 0 V                 ; -                  ; n/a           ; n/a             ; n/a         ;
; L1            ; 2.5 V        ; 0 in              ; 0 H/in                  ; 0 F/in                  ; short         ; -                   ; open           ; open             ; open   ; 0 in             ; 0 H/in                 ; 0 F/in                 ; short        ; open          ; open            ; open  ; 0 V                 ; -                  ; n/a           ; n/a             ; n/a         ;
; S1            ; 2.5 V        ; 0 in              ; 0 H/in                  ; 0 F/in                  ; short         ; -                   ; open           ; open             ; open   ; 0 in             ; 0 H/in                 ; 0 F/in                 ; short        ; open          ; open            ; open  ; 0 V                 ; -                  ; n/a           ; n/a             ; n/a         ;
; E1            ; 2.5 V        ; 0 in              ; 0 H/in                  ; 0 F/in                  ; short         ; -                   ; open           ; open             ; open   ; 0 in             ; 0 H/in                 ; 0 F/in                 ; short        ; open          ; open            ; open  ; 0 V                 ; -                  ; n/a           ; n/a             ; n/a         ;
; L2            ; 2.5 V        ; 0 in              ; 0 H/in                  ; 0 F/in                  ; short         ; -                   ; open           ; open             ; open   ; 0 in             ; 0 H/in                 ; 0 F/in                 ; short        ; open          ; open            ; open  ; 0 V                 ; -                  ; n/a           ; n/a             ; n/a         ;
; S2            ; 2.5 V        ; 0 in              ; 0 H/in                  ; 0 F/in                  ; short         ; -                   ; open           ; open             ; open   ; 0 in             ; 0 H/in                 ; 0 F/in                 ; short        ; open          ; open            ; open  ; 0 V                 ; -                  ; n/a           ; n/a             ; n/a         ;
; E2            ; 2.5 V        ; 0 in              ; 0 H/in                  ; 0 F/in                  ; short         ; -                   ; open           ; open             ; open   ; 0 in             ; 0 H/in                 ; 0 F/in                 ; short        ; open          ; open            ; open  ; 0 V                 ; -                  ; n/a           ; n/a             ; n/a         ;
; L3            ; 2.5 V        ; 0 in              ; 0 H/in                  ; 0 F/in                  ; short         ; -                   ; open           ; open             ; open   ; 0 in             ; 0 H/in                 ; 0 F/in                 ; short        ; open          ; open            ; open  ; 0 V                 ; -                  ; n/a           ; n/a             ; n/a         ;
; S3            ; 2.5 V        ; 0 in              ; 0 H/in                  ; 0 F/in                  ; short         ; -                   ; open           ; open             ; open   ; 0 in             ; 0 H/in                 ; 0 F/in                 ; short        ; open          ; open            ; open  ; 0 V                 ; -                  ; n/a           ; n/a             ; n/a         ;
; E3            ; 2.5 V        ; 0 in              ; 0 H/in                  ; 0 F/in                  ; short         ; -                   ; open           ; open             ; open   ; 0 in             ; 0 H/in                 ; 0 F/in                 ; short        ; open          ; open            ; open  ; 0 V                 ; -                  ; n/a           ; n/a             ; n/a         ;
; L             ; 2.5 V        ; 0 in              ; 0 H/in                  ; 0 F/in                  ; short         ; -                   ; open           ; open             ; open   ; 0 in             ; 0 H/in                 ; 0 F/in                 ; short        ; open          ; open            ; open  ; 0 V                 ; -                  ; n/a           ; n/a             ; n/a         ;
; E             ; 2.5 V        ; 0 in              ; 0 H/in                  ; 0 F/in                  ; short         ; -                   ; open           ; open             ; open   ; 0 in             ; 0 H/in                 ; 0 F/in                 ; short        ; open          ; open            ; open  ; 0 V                 ; -                  ; n/a           ; n/a             ; n/a         ;
; S             ; 2.5 V        ; 0 in              ; 0 H/in                  ; 0 F/in                  ; short         ; -                   ; open           ; open             ; open   ; 0 in             ; 0 H/in                 ; 0 F/in                 ; short        ; open          ; open            ; open  ; 0 V                 ; -                  ; n/a           ; n/a             ; n/a         ;
; ~ALTERA_NCEO~ ; 2.5 V        ; 0 in              ; 0 H/in                  ; 0 F/in                  ; short         ; -                   ; open           ; open             ; open   ; 0 in             ; 0 H/in                 ; 0 F/in                 ; short        ; open          ; open            ; open  ; 0 V                 ; -                  ; n/a           ; n/a             ; n/a         ;
; ~ALTERA_DCLK~ ; 2.5 V        ; 0 in              ; 0 H/in                  ; 0 F/in                  ; short         ; -                   ; open           ; open             ; open   ; 0 in             ; 0 H/in                 ; 0 F/in                 ; short        ; open          ; open            ; open  ; 0 V                 ; -                  ; n/a           ; n/a             ; n/a         ;
+---------------+--------------+-------------------+-------------------------+-------------------------+---------------+---------------------+----------------+------------------+--------+------------------+------------------------+------------------------+--------------+---------------+-----------------+-------+---------------------+--------------------+---------------+-----------------+-------------+


+-------------------------------------------------------------------+
; Input Transition Times                                            ;
+----------------+--------------+-----------------+-----------------+
; Pin            ; I/O Standard ; 10-90 Rise Time ; 90-10 Fall Time ;
+----------------+--------------+-----------------+-----------------+
; A0             ; 2.5 V        ; 2000 ps         ; 2000 ps         ;
; B0             ; 2.5 V        ; 2000 ps         ; 2000 ps         ;
; A1             ; 2.5 V        ; 2000 ps         ; 2000 ps         ;
; B1             ; 2.5 V        ; 2000 ps         ; 2000 ps         ;
; A2             ; 2.5 V        ; 2000 ps         ; 2000 ps         ;
; B2             ; 2.5 V        ; 2000 ps         ; 2000 ps         ;
; A3             ; 2.5 V        ; 2000 ps         ; 2000 ps         ;
; B3             ; 2.5 V        ; 2000 ps         ; 2000 ps         ;
; ~ALTERA_DATA0~ ; 2.5 V        ; 2000 ps         ; 2000 ps         ;
; ~ALTERA_ASDO~  ; 2.5 V        ; 2000 ps         ; 2000 ps         ;
; ~ALTERA_NCSO~  ; 2.5 V        ; 2000 ps         ; 2000 ps         ;
+----------------+--------------+-----------------+-----------------+


+--------------------------------------------------------------------------------------------------------------------------------------------------------------------------------------------------------------------------------------------------------------------------------------------------------------------------------------------------------------------------------------------------------------------------------------------------------------------------------------------------------------------------------------------------------------------------------------------------------------------------------------------------------------------------------------------+
; Signal Integrity Metrics (Slow 1200mv 0c Model)                                                                                                                                                                                                                                                                                                                                                                                                                                                                                                                                                                                                                                            ;
+---------------+--------------+---------------------+---------------------+------------------------------+------------------------------+---------------------+---------------------+--------------------------------------+--------------------------------------+-----------------------------+-----------------------------+----------------------------+----------------------------+-----------------------------+-----------------------------+--------------------+--------------------+-------------------------------------+-------------------------------------+----------------------------+----------------------------+---------------------------+---------------------------+
; Pin           ; I/O Standard ; Board Delay on Rise ; Board Delay on Fall ; Steady State Voh at FPGA Pin ; Steady State Vol at FPGA Pin ; Voh Max at FPGA Pin ; Vol Min at FPGA Pin ; Ringback Voltage on Rise at FPGA Pin ; Ringback Voltage on Fall at FPGA Pin ; 10-90 Rise Time at FPGA Pin ; 90-10 Fall Time at FPGA Pin ; Monotonic Rise at FPGA Pin ; Monotonic Fall at FPGA Pin ; Steady State Voh at Far-end ; Steady State Vol at Far-end ; Voh Max at Far-end ; Vol Min at Far-end ; Ringback Voltage on Rise at Far-end ; Ringback Voltage on Fall at Far-end ; 10-90 Rise Time at Far-end ; 90-10 Fall Time at Far-end ; Monotonic Rise at Far-end ; Monotonic Fall at Far-end ;
+---------------+--------------+---------------------+---------------------+------------------------------+------------------------------+---------------------+---------------------+--------------------------------------+--------------------------------------+-----------------------------+-----------------------------+----------------------------+----------------------------+-----------------------------+-----------------------------+--------------------+--------------------+-------------------------------------+-------------------------------------+----------------------------+----------------------------+---------------------------+---------------------------+
; L0            ; 2.5 V        ; 0 s                 ; 0 s                 ; 2.32 V                       ; 7.29e-09 V                   ; 2.39 V              ; -0.00317 V          ; 0.179 V                              ; 0.007 V                              ; 4.7e-10 s                   ; 4.72e-10 s                  ; No                         ; Yes                        ; 2.32 V                      ; 7.29e-09 V                  ; 2.39 V             ; -0.00317 V         ; 0.179 V                             ; 0.007 V                             ; 4.7e-10 s                  ; 4.72e-10 s                 ; No                        ; Yes                       ;
; S0            ; 2.5 V        ; 0 s                 ; 0 s                 ; 2.32 V                       ; 7.29e-09 V                   ; 2.39 V              ; -0.00339 V          ; 0.206 V                              ; 0.007 V                              ; 2.77e-10 s                  ; 3.24e-10 s                  ; Yes                        ; Yes                        ; 2.32 V                      ; 7.29e-09 V                  ; 2.39 V             ; -0.00339 V         ; 0.206 V                             ; 0.007 V                             ; 2.77e-10 s                 ; 3.24e-10 s                 ; Yes                       ; Yes                       ;
; E0            ; 2.5 V        ; 0 s                 ; 0 s                 ; 2.32 V                       ; 7.29e-09 V                   ; 2.34 V              ; -0.00668 V          ; 0.218 V                              ; 0.076 V                              ; 1.92e-09 s                  ; 1.81e-09 s                  ; No                         ; Yes                        ; 2.32 V                      ; 7.29e-09 V                  ; 2.34 V             ; -0.00668 V         ; 0.218 V                             ; 0.076 V                             ; 1.92e-09 s                 ; 1.81e-09 s                 ; No                        ; Yes                       ;
; L1            ; 2.5 V        ; 0 s                 ; 0 s                 ; 2.32 V                       ; 5.16e-09 V                   ; 2.37 V              ; -0.00861 V          ; 0.168 V                              ; 0.038 V                              ; 6.79e-10 s                  ; 6.49e-10 s                  ; No                         ; Yes                        ; 2.32 V                      ; 5.16e-09 V                  ; 2.37 V             ; -0.00861 V         ; 0.168 V                             ; 0.038 V                             ; 6.79e-10 s                 ; 6.49e-10 s                 ; No                        ; Yes                       ;
; S1            ; 2.5 V        ; 0 s                 ; 0 s                 ; 2.32 V                       ; 7.29e-09 V                   ; 2.39 V              ; -0.00317 V          ; 0.179 V                              ; 0.007 V                              ; 4.7e-10 s                   ; 4.72e-10 s                  ; No                         ; Yes                        ; 2.32 V                      ; 7.29e-09 V                  ; 2.39 V             ; -0.00317 V         ; 0.179 V                             ; 0.007 V                             ; 4.7e-10 s                  ; 4.72e-10 s                 ; No                        ; Yes                       ;
; E1            ; 2.5 V        ; 0 s                 ; 0 s                 ; 2.32 V                       ; 7.29e-09 V                   ; 2.39 V              ; -0.00339 V          ; 0.206 V                              ; 0.007 V                              ; 2.77e-10 s                  ; 3.24e-10 s                  ; Yes                        ; Yes                        ; 2.32 V                      ; 7.29e-09 V                  ; 2.39 V             ; -0.00339 V         ; 0.206 V                             ; 0.007 V                             ; 2.77e-10 s                 ; 3.24e-10 s                 ; Yes                       ; Yes                       ;
; L2            ; 2.5 V        ; 0 s                 ; 0 s                 ; 2.32 V                       ; 7.29e-09 V                   ; 2.39 V              ; -0.00317 V          ; 0.179 V                              ; 0.007 V                              ; 4.7e-10 s                   ; 4.72e-10 s                  ; No                         ; Yes                        ; 2.32 V                      ; 7.29e-09 V                  ; 2.39 V             ; -0.00317 V         ; 0.179 V                             ; 0.007 V                             ; 4.7e-10 s                  ; 4.72e-10 s                 ; No                        ; Yes                       ;
; S2            ; 2.5 V        ; 0 s                 ; 0 s                 ; 2.32 V                       ; 7.29e-09 V                   ; 2.39 V              ; -0.00339 V          ; 0.206 V                              ; 0.007 V                              ; 2.77e-10 s                  ; 3.24e-10 s                  ; Yes                        ; Yes                        ; 2.32 V                      ; 7.29e-09 V                  ; 2.39 V             ; -0.00339 V         ; 0.206 V                             ; 0.007 V                             ; 2.77e-10 s                 ; 3.24e-10 s                 ; Yes                       ; Yes                       ;
; E2            ; 2.5 V        ; 0 s                 ; 0 s                 ; 2.32 V                       ; 7.29e-09 V                   ; 2.39 V              ; -0.00317 V          ; 0.179 V                              ; 0.007 V                              ; 4.7e-10 s                   ; 4.72e-10 s                  ; No                         ; Yes                        ; 2.32 V                      ; 7.29e-09 V                  ; 2.39 V             ; -0.00317 V         ; 0.179 V                             ; 0.007 V                             ; 4.7e-10 s                  ; 4.72e-10 s                 ; No                        ; Yes                       ;
; L3            ; 2.5 V        ; 0 s                 ; 0 s                 ; 2.32 V                       ; 7.29e-09 V                   ; 2.39 V              ; -0.00317 V          ; 0.179 V                              ; 0.007 V                              ; 4.7e-10 s                   ; 4.72e-10 s                  ; No                         ; Yes                        ; 2.32 V                      ; 7.29e-09 V                  ; 2.39 V             ; -0.00317 V         ; 0.179 V                             ; 0.007 V                             ; 4.7e-10 s                  ; 4.72e-10 s                 ; No                        ; Yes                       ;
; S3            ; 2.5 V        ; 0 s                 ; 0 s                 ; 2.32 V                       ; 7.29e-09 V                   ; 2.39 V              ; -0.00317 V          ; 0.179 V                              ; 0.007 V                              ; 4.7e-10 s                   ; 4.72e-10 s                  ; No                         ; Yes                        ; 2.32 V                      ; 7.29e-09 V                  ; 2.39 V             ; -0.00317 V         ; 0.179 V                             ; 0.007 V                             ; 4.7e-10 s                  ; 4.72e-10 s                 ; No                        ; Yes                       ;
; E3            ; 2.5 V        ; 0 s                 ; 0 s                 ; 2.32 V                       ; 7.29e-09 V                   ; 2.39 V              ; -0.00339 V          ; 0.206 V                              ; 0.007 V                              ; 2.77e-10 s                  ; 3.24e-10 s                  ; Yes                        ; Yes                        ; 2.32 V                      ; 7.29e-09 V                  ; 2.39 V             ; -0.00339 V         ; 0.206 V                             ; 0.007 V                             ; 2.77e-10 s                 ; 3.24e-10 s                 ; Yes                       ; Yes                       ;
; L             ; 2.5 V        ; 0 s                 ; 0 s                 ; 2.32 V                       ; 7.29e-09 V                   ; 2.34 V              ; -0.00668 V          ; 0.218 V                              ; 0.076 V                              ; 1.92e-09 s                  ; 1.81e-09 s                  ; No                         ; Yes                        ; 2.32 V                      ; 7.29e-09 V                  ; 2.34 V             ; -0.00668 V         ; 0.218 V                             ; 0.076 V                             ; 1.92e-09 s                 ; 1.81e-09 s                 ; No                        ; Yes                       ;
; E             ; 2.5 V        ; 0 s                 ; 0 s                 ; 2.32 V                       ; 7.29e-09 V                   ; 2.39 V              ; -0.00317 V          ; 0.179 V                              ; 0.007 V                              ; 4.7e-10 s                   ; 4.72e-10 s                  ; No                         ; Yes                        ; 2.32 V                      ; 7.29e-09 V                  ; 2.39 V             ; -0.00317 V         ; 0.179 V                             ; 0.007 V                             ; 4.7e-10 s                  ; 4.72e-10 s                 ; No                        ; Yes                       ;
; S             ; 2.5 V        ; 0 s                 ; 0 s                 ; 2.32 V                       ; 7.29e-09 V                   ; 2.39 V              ; -0.00317 V          ; 0.179 V                              ; 0.007 V                              ; 4.7e-10 s                   ; 4.72e-10 s                  ; No                         ; Yes                        ; 2.32 V                      ; 7.29e-09 V                  ; 2.39 V             ; -0.00317 V         ; 0.179 V                             ; 0.007 V                             ; 4.7e-10 s                  ; 4.72e-10 s                 ; No                        ; Yes                       ;
; ~ALTERA_NCEO~ ; 2.5 V        ; 0 s                 ; 0 s                 ; 2.32 V                       ; 4.76e-09 V                   ; 2.4 V               ; -0.034 V            ; 0.102 V                              ; 0.065 V                              ; 2.49e-10 s                  ; 3.49e-10 s                  ; Yes                        ; Yes                        ; 2.32 V                      ; 4.76e-09 V                  ; 2.4 V              ; -0.034 V           ; 0.102 V                             ; 0.065 V                             ; 2.49e-10 s                 ; 3.49e-10 s                 ; Yes                       ; Yes                       ;
; ~ALTERA_DCLK~ ; 2.5 V        ; 0 s                 ; 0 s                 ; 2.32 V                       ; 5.94e-09 V                   ; 2.39 V              ; -0.034 V            ; 0.156 V                              ; 0.09 V                               ; 2.68e-10 s                  ; 2.6e-10 s                   ; Yes                        ; Yes                        ; 2.32 V                      ; 5.94e-09 V                  ; 2.39 V             ; -0.034 V           ; 0.156 V                             ; 0.09 V                              ; 2.68e-10 s                 ; 2.6e-10 s                  ; Yes                       ; Yes                       ;
+---------------+--------------+---------------------+---------------------+------------------------------+------------------------------+---------------------+---------------------+--------------------------------------+--------------------------------------+-----------------------------+-----------------------------+----------------------------+----------------------------+-----------------------------+-----------------------------+--------------------+--------------------+-------------------------------------+-------------------------------------+----------------------------+----------------------------+---------------------------+---------------------------+


+--------------------------------------------------------------------------------------------------------------------------------------------------------------------------------------------------------------------------------------------------------------------------------------------------------------------------------------------------------------------------------------------------------------------------------------------------------------------------------------------------------------------------------------------------------------------------------------------------------------------------------------------------------------------------------------------+
; Signal Integrity Metrics (Slow 1200mv 85c Model)                                                                                                                                                                                                                                                                                                                                                                                                                                                                                                                                                                                                                                           ;
+---------------+--------------+---------------------+---------------------+------------------------------+------------------------------+---------------------+---------------------+--------------------------------------+--------------------------------------+-----------------------------+-----------------------------+----------------------------+----------------------------+-----------------------------+-----------------------------+--------------------+--------------------+-------------------------------------+-------------------------------------+----------------------------+----------------------------+---------------------------+---------------------------+
; Pin           ; I/O Standard ; Board Delay on Rise ; Board Delay on Fall ; Steady State Voh at FPGA Pin ; Steady State Vol at FPGA Pin ; Voh Max at FPGA Pin ; Vol Min at FPGA Pin ; Ringback Voltage on Rise at FPGA Pin ; Ringback Voltage on Fall at FPGA Pin ; 10-90 Rise Time at FPGA Pin ; 90-10 Fall Time at FPGA Pin ; Monotonic Rise at FPGA Pin ; Monotonic Fall at FPGA Pin ; Steady State Voh at Far-end ; Steady State Vol at Far-end ; Voh Max at Far-end ; Vol Min at Far-end ; Ringback Voltage on Rise at Far-end ; Ringback Voltage on Fall at Far-end ; 10-90 Rise Time at Far-end ; 90-10 Fall Time at Far-end ; Monotonic Rise at Far-end ; Monotonic Fall at Far-end ;
+---------------+--------------+---------------------+---------------------+------------------------------+------------------------------+---------------------+---------------------+--------------------------------------+--------------------------------------+-----------------------------+-----------------------------+----------------------------+----------------------------+-----------------------------+-----------------------------+--------------------+--------------------+-------------------------------------+-------------------------------------+----------------------------+----------------------------+---------------------------+---------------------------+
; L0            ; 2.5 V        ; 0 s                 ; 0 s                 ; 2.32 V                       ; 1.21e-06 V                   ; 2.36 V              ; -0.00833 V          ; 0.113 V                              ; 0.035 V                              ; 6.32e-10 s                  ; 5.89e-10 s                  ; No                         ; Yes                        ; 2.32 V                      ; 1.21e-06 V                  ; 2.36 V             ; -0.00833 V         ; 0.113 V                             ; 0.035 V                             ; 6.32e-10 s                 ; 5.89e-10 s                 ; No                        ; Yes                       ;
; S0            ; 2.5 V        ; 0 s                 ; 0 s                 ; 2.32 V                       ; 1.21e-06 V                   ; 2.37 V              ; -0.00606 V          ; 0.107 V                              ; 0.021 V                              ; 4.26e-10 s                  ; 4.03e-10 s                  ; Yes                        ; Yes                        ; 2.32 V                      ; 1.21e-06 V                  ; 2.37 V             ; -0.00606 V         ; 0.107 V                             ; 0.021 V                             ; 4.26e-10 s                 ; 4.03e-10 s                 ; Yes                       ; Yes                       ;
; E0            ; 2.5 V        ; 0 s                 ; 0 s                 ; 2.32 V                       ; 1.21e-06 V                   ; 2.33 V              ; -0.00286 V          ; 0.193 V                              ; 0.042 V                              ; 2.32e-09 s                  ; 2.21e-09 s                  ; Yes                        ; Yes                        ; 2.32 V                      ; 1.21e-06 V                  ; 2.33 V             ; -0.00286 V         ; 0.193 V                             ; 0.042 V                             ; 2.32e-09 s                 ; 2.21e-09 s                 ; Yes                       ; Yes                       ;
; L1            ; 2.5 V        ; 0 s                 ; 0 s                 ; 2.32 V                       ; 8.13e-07 V                   ; 2.35 V              ; -0.00662 V          ; 0.129 V                              ; 0.049 V                              ; 8.55e-10 s                  ; 8.01e-10 s                  ; No                         ; Yes                        ; 2.32 V                      ; 8.13e-07 V                  ; 2.35 V             ; -0.00662 V         ; 0.129 V                             ; 0.049 V                             ; 8.55e-10 s                 ; 8.01e-10 s                 ; No                        ; Yes                       ;
; S1            ; 2.5 V        ; 0 s                 ; 0 s                 ; 2.32 V                       ; 1.21e-06 V                   ; 2.36 V              ; -0.00833 V          ; 0.113 V                              ; 0.035 V                              ; 6.32e-10 s                  ; 5.89e-10 s                  ; No                         ; Yes                        ; 2.32 V                      ; 1.21e-06 V                  ; 2.36 V             ; -0.00833 V         ; 0.113 V                             ; 0.035 V                             ; 6.32e-10 s                 ; 5.89e-10 s                 ; No                        ; Yes                       ;
; E1            ; 2.5 V        ; 0 s                 ; 0 s                 ; 2.32 V                       ; 1.21e-06 V                   ; 2.37 V              ; -0.00606 V          ; 0.107 V                              ; 0.021 V                              ; 4.26e-10 s                  ; 4.03e-10 s                  ; Yes                        ; Yes                        ; 2.32 V                      ; 1.21e-06 V                  ; 2.37 V             ; -0.00606 V         ; 0.107 V                             ; 0.021 V                             ; 4.26e-10 s                 ; 4.03e-10 s                 ; Yes                       ; Yes                       ;
; L2            ; 2.5 V        ; 0 s                 ; 0 s                 ; 2.32 V                       ; 1.21e-06 V                   ; 2.36 V              ; -0.00833 V          ; 0.113 V                              ; 0.035 V                              ; 6.32e-10 s                  ; 5.89e-10 s                  ; No                         ; Yes                        ; 2.32 V                      ; 1.21e-06 V                  ; 2.36 V             ; -0.00833 V         ; 0.113 V                             ; 0.035 V                             ; 6.32e-10 s                 ; 5.89e-10 s                 ; No                        ; Yes                       ;
; S2            ; 2.5 V        ; 0 s                 ; 0 s                 ; 2.32 V                       ; 1.21e-06 V                   ; 2.37 V              ; -0.00606 V          ; 0.107 V                              ; 0.021 V                              ; 4.26e-10 s                  ; 4.03e-10 s                  ; Yes                        ; Yes                        ; 2.32 V                      ; 1.21e-06 V                  ; 2.37 V             ; -0.00606 V         ; 0.107 V                             ; 0.021 V                             ; 4.26e-10 s                 ; 4.03e-10 s                 ; Yes                       ; Yes                       ;
; E2            ; 2.5 V        ; 0 s                 ; 0 s                 ; 2.32 V                       ; 1.21e-06 V                   ; 2.36 V              ; -0.00833 V          ; 0.113 V                              ; 0.035 V                              ; 6.32e-10 s                  ; 5.89e-10 s                  ; No                         ; Yes                        ; 2.32 V                      ; 1.21e-06 V                  ; 2.36 V             ; -0.00833 V         ; 0.113 V                             ; 0.035 V                             ; 6.32e-10 s                 ; 5.89e-10 s                 ; No                        ; Yes                       ;
; L3            ; 2.5 V        ; 0 s                 ; 0 s                 ; 2.32 V                       ; 1.21e-06 V                   ; 2.36 V              ; -0.00833 V          ; 0.113 V                              ; 0.035 V                              ; 6.32e-10 s                  ; 5.89e-10 s                  ; No                         ; Yes                        ; 2.32 V                      ; 1.21e-06 V                  ; 2.36 V             ; -0.00833 V         ; 0.113 V                             ; 0.035 V                             ; 6.32e-10 s                 ; 5.89e-10 s                 ; No                        ; Yes                       ;
; S3            ; 2.5 V        ; 0 s                 ; 0 s                 ; 2.32 V                       ; 1.21e-06 V                   ; 2.36 V              ; -0.00833 V          ; 0.113 V                              ; 0.035 V                              ; 6.32e-10 s                  ; 5.89e-10 s                  ; No                         ; Yes                        ; 2.32 V                      ; 1.21e-06 V                  ; 2.36 V             ; -0.00833 V         ; 0.113 V                             ; 0.035 V                             ; 6.32e-10 s                 ; 5.89e-10 s                 ; No                        ; Yes                       ;
; E3            ; 2.5 V        ; 0 s                 ; 0 s                 ; 2.32 V                       ; 1.21e-06 V                   ; 2.37 V              ; -0.00606 V          ; 0.107 V                              ; 0.021 V                              ; 4.26e-10 s                  ; 4.03e-10 s                  ; Yes                        ; Yes                        ; 2.32 V                      ; 1.21e-06 V                  ; 2.37 V             ; -0.00606 V         ; 0.107 V                             ; 0.021 V                             ; 4.26e-10 s                 ; 4.03e-10 s                 ; Yes                       ; Yes                       ;
; L             ; 2.5 V        ; 0 s                 ; 0 s                 ; 2.32 V                       ; 1.21e-06 V                   ; 2.33 V              ; -0.00286 V          ; 0.193 V                              ; 0.042 V                              ; 2.32e-09 s                  ; 2.21e-09 s                  ; Yes                        ; Yes                        ; 2.32 V                      ; 1.21e-06 V                  ; 2.33 V             ; -0.00286 V         ; 0.193 V                             ; 0.042 V                             ; 2.32e-09 s                 ; 2.21e-09 s                 ; Yes                       ; Yes                       ;
; E             ; 2.5 V        ; 0 s                 ; 0 s                 ; 2.32 V                       ; 1.21e-06 V                   ; 2.36 V              ; -0.00833 V          ; 0.113 V                              ; 0.035 V                              ; 6.32e-10 s                  ; 5.89e-10 s                  ; No                         ; Yes                        ; 2.32 V                      ; 1.21e-06 V                  ; 2.36 V             ; -0.00833 V         ; 0.113 V                             ; 0.035 V                             ; 6.32e-10 s                 ; 5.89e-10 s                 ; No                        ; Yes                       ;
; S             ; 2.5 V        ; 0 s                 ; 0 s                 ; 2.32 V                       ; 1.21e-06 V                   ; 2.36 V              ; -0.00833 V          ; 0.113 V                              ; 0.035 V                              ; 6.32e-10 s                  ; 5.89e-10 s                  ; No                         ; Yes                        ; 2.32 V                      ; 1.21e-06 V                  ; 2.36 V             ; -0.00833 V         ; 0.113 V                             ; 0.035 V                             ; 6.32e-10 s                 ; 5.89e-10 s                 ; No                        ; Yes                       ;
; ~ALTERA_NCEO~ ; 2.5 V        ; 0 s                 ; 0 s                 ; 2.32 V                       ; 7.93e-07 V                   ; 2.37 V              ; -0.0278 V           ; 0.106 V                              ; 0.115 V                              ; 2.69e-10 s                  ; 4.05e-10 s                  ; Yes                        ; Yes                        ; 2.32 V                      ; 7.93e-07 V                  ; 2.37 V             ; -0.0278 V          ; 0.106 V                             ; 0.115 V                             ; 2.69e-10 s                 ; 4.05e-10 s                 ; Yes                       ; Yes                       ;
; ~ALTERA_DCLK~ ; 2.5 V        ; 0 s                 ; 0 s                 ; 2.32 V                       ; 9.76e-07 V                   ; 2.36 V              ; -0.00527 V          ; 0.088 V                              ; 0.006 V                              ; 4.05e-10 s                  ; 3.35e-10 s                  ; Yes                        ; Yes                        ; 2.32 V                      ; 9.76e-07 V                  ; 2.36 V             ; -0.00527 V         ; 0.088 V                             ; 0.006 V                             ; 4.05e-10 s                 ; 3.35e-10 s                 ; Yes                       ; Yes                       ;
+---------------+--------------+---------------------+---------------------+------------------------------+------------------------------+---------------------+---------------------+--------------------------------------+--------------------------------------+-----------------------------+-----------------------------+----------------------------+----------------------------+-----------------------------+-----------------------------+--------------------+--------------------+-------------------------------------+-------------------------------------+----------------------------+----------------------------+---------------------------+---------------------------+


+--------------------------------------------------------------------------------------------------------------------------------------------------------------------------------------------------------------------------------------------------------------------------------------------------------------------------------------------------------------------------------------------------------------------------------------------------------------------------------------------------------------------------------------------------------------------------------------------------------------------------------------------------------------------------------------------+
; Signal Integrity Metrics (Fast 1200mv 0c Model)                                                                                                                                                                                                                                                                                                                                                                                                                                                                                                                                                                                                                                            ;
+---------------+--------------+---------------------+---------------------+------------------------------+------------------------------+---------------------+---------------------+--------------------------------------+--------------------------------------+-----------------------------+-----------------------------+----------------------------+----------------------------+-----------------------------+-----------------------------+--------------------+--------------------+-------------------------------------+-------------------------------------+----------------------------+----------------------------+---------------------------+---------------------------+
; Pin           ; I/O Standard ; Board Delay on Rise ; Board Delay on Fall ; Steady State Voh at FPGA Pin ; Steady State Vol at FPGA Pin ; Voh Max at FPGA Pin ; Vol Min at FPGA Pin ; Ringback Voltage on Rise at FPGA Pin ; Ringback Voltage on Fall at FPGA Pin ; 10-90 Rise Time at FPGA Pin ; 90-10 Fall Time at FPGA Pin ; Monotonic Rise at FPGA Pin ; Monotonic Fall at FPGA Pin ; Steady State Voh at Far-end ; Steady State Vol at Far-end ; Voh Max at Far-end ; Vol Min at Far-end ; Ringback Voltage on Rise at Far-end ; Ringback Voltage on Fall at Far-end ; 10-90 Rise Time at Far-end ; 90-10 Fall Time at Far-end ; Monotonic Rise at Far-end ; Monotonic Fall at Far-end ;
+---------------+--------------+---------------------+---------------------+------------------------------+------------------------------+---------------------+---------------------+--------------------------------------+--------------------------------------+-----------------------------+-----------------------------+----------------------------+----------------------------+-----------------------------+-----------------------------+--------------------+--------------------+-------------------------------------+-------------------------------------+----------------------------+----------------------------+---------------------------+---------------------------+
; L0            ; 2.5 V        ; 0 s                 ; 0 s                 ; 2.62 V                       ; 4.66e-08 V                   ; 2.72 V              ; -0.0215 V           ; 0.161 V                              ; 0.061 V                              ; 4.44e-10 s                  ; 4.06e-10 s                  ; No                         ; Yes                        ; 2.62 V                      ; 4.66e-08 V                  ; 2.72 V             ; -0.0215 V          ; 0.161 V                             ; 0.061 V                             ; 4.44e-10 s                 ; 4.06e-10 s                 ; No                        ; Yes                       ;
; S0            ; 2.5 V        ; 0 s                 ; 0 s                 ; 2.62 V                       ; 4.66e-08 V                   ; 2.73 V              ; -0.0205 V           ; 0.17 V                               ; 0.027 V                              ; 2.58e-10 s                  ; 2.57e-10 s                  ; Yes                        ; Yes                        ; 2.62 V                      ; 4.66e-08 V                  ; 2.73 V             ; -0.0205 V          ; 0.17 V                              ; 0.027 V                             ; 2.58e-10 s                 ; 2.57e-10 s                 ; Yes                       ; Yes                       ;
; E0            ; 2.5 V        ; 0 s                 ; 0 s                 ; 2.62 V                       ; 4.66e-08 V                   ; 2.65 V              ; -0.0115 V           ; 0.219 V                              ; 0.115 V                              ; 1.64e-09 s                  ; 1.57e-09 s                  ; No                         ; Yes                        ; 2.62 V                      ; 4.66e-08 V                  ; 2.65 V             ; -0.0115 V          ; 0.219 V                             ; 0.115 V                             ; 1.64e-09 s                 ; 1.57e-09 s                 ; No                        ; Yes                       ;
; L1            ; 2.5 V        ; 0 s                 ; 0 s                 ; 2.62 V                       ; 3.16e-08 V                   ; 2.71 V              ; -0.0171 V           ; 0.273 V                              ; 0.065 V                              ; 4.95e-10 s                  ; 5.37e-10 s                  ; No                         ; Yes                        ; 2.62 V                      ; 3.16e-08 V                  ; 2.71 V             ; -0.0171 V          ; 0.273 V                             ; 0.065 V                             ; 4.95e-10 s                 ; 5.37e-10 s                 ; No                        ; Yes                       ;
; S1            ; 2.5 V        ; 0 s                 ; 0 s                 ; 2.62 V                       ; 4.66e-08 V                   ; 2.72 V              ; -0.0215 V           ; 0.161 V                              ; 0.061 V                              ; 4.44e-10 s                  ; 4.06e-10 s                  ; No                         ; Yes                        ; 2.62 V                      ; 4.66e-08 V                  ; 2.72 V             ; -0.0215 V          ; 0.161 V                             ; 0.061 V                             ; 4.44e-10 s                 ; 4.06e-10 s                 ; No                        ; Yes                       ;
; E1            ; 2.5 V        ; 0 s                 ; 0 s                 ; 2.62 V                       ; 4.66e-08 V                   ; 2.73 V              ; -0.0205 V           ; 0.17 V                               ; 0.027 V                              ; 2.58e-10 s                  ; 2.57e-10 s                  ; Yes                        ; Yes                        ; 2.62 V                      ; 4.66e-08 V                  ; 2.73 V             ; -0.0205 V          ; 0.17 V                              ; 0.027 V                             ; 2.58e-10 s                 ; 2.57e-10 s                 ; Yes                       ; Yes                       ;
; L2            ; 2.5 V        ; 0 s                 ; 0 s                 ; 2.62 V                       ; 4.66e-08 V                   ; 2.72 V              ; -0.0215 V           ; 0.161 V                              ; 0.061 V                              ; 4.44e-10 s                  ; 4.06e-10 s                  ; No                         ; Yes                        ; 2.62 V                      ; 4.66e-08 V                  ; 2.72 V             ; -0.0215 V          ; 0.161 V                             ; 0.061 V                             ; 4.44e-10 s                 ; 4.06e-10 s                 ; No                        ; Yes                       ;
; S2            ; 2.5 V        ; 0 s                 ; 0 s                 ; 2.62 V                       ; 4.66e-08 V                   ; 2.73 V              ; -0.0205 V           ; 0.17 V                               ; 0.027 V                              ; 2.58e-10 s                  ; 2.57e-10 s                  ; Yes                        ; Yes                        ; 2.62 V                      ; 4.66e-08 V                  ; 2.73 V             ; -0.0205 V          ; 0.17 V                              ; 0.027 V                             ; 2.58e-10 s                 ; 2.57e-10 s                 ; Yes                       ; Yes                       ;
; E2            ; 2.5 V        ; 0 s                 ; 0 s                 ; 2.62 V                       ; 4.66e-08 V                   ; 2.72 V              ; -0.0215 V           ; 0.161 V                              ; 0.061 V                              ; 4.44e-10 s                  ; 4.06e-10 s                  ; No                         ; Yes                        ; 2.62 V                      ; 4.66e-08 V                  ; 2.72 V             ; -0.0215 V          ; 0.161 V                             ; 0.061 V                             ; 4.44e-10 s                 ; 4.06e-10 s                 ; No                        ; Yes                       ;
; L3            ; 2.5 V        ; 0 s                 ; 0 s                 ; 2.62 V                       ; 4.66e-08 V                   ; 2.72 V              ; -0.0215 V           ; 0.161 V                              ; 0.061 V                              ; 4.44e-10 s                  ; 4.06e-10 s                  ; No                         ; Yes                        ; 2.62 V                      ; 4.66e-08 V                  ; 2.72 V             ; -0.0215 V          ; 0.161 V                             ; 0.061 V                             ; 4.44e-10 s                 ; 4.06e-10 s                 ; No                        ; Yes                       ;
; S3            ; 2.5 V        ; 0 s                 ; 0 s                 ; 2.62 V                       ; 4.66e-08 V                   ; 2.72 V              ; -0.0215 V           ; 0.161 V                              ; 0.061 V                              ; 4.44e-10 s                  ; 4.06e-10 s                  ; No                         ; Yes                        ; 2.62 V                      ; 4.66e-08 V                  ; 2.72 V             ; -0.0215 V          ; 0.161 V                             ; 0.061 V                             ; 4.44e-10 s                 ; 4.06e-10 s                 ; No                        ; Yes                       ;
; E3            ; 2.5 V        ; 0 s                 ; 0 s                 ; 2.62 V                       ; 4.66e-08 V                   ; 2.73 V              ; -0.0205 V           ; 0.17 V                               ; 0.027 V                              ; 2.58e-10 s                  ; 2.57e-10 s                  ; Yes                        ; Yes                        ; 2.62 V                      ; 4.66e-08 V                  ; 2.73 V             ; -0.0205 V          ; 0.17 V                              ; 0.027 V                             ; 2.58e-10 s                 ; 2.57e-10 s                 ; Yes                       ; Yes                       ;
; L             ; 2.5 V        ; 0 s                 ; 0 s                 ; 2.62 V                       ; 4.66e-08 V                   ; 2.65 V              ; -0.0115 V           ; 0.219 V                              ; 0.115 V                              ; 1.64e-09 s                  ; 1.57e-09 s                  ; No                         ; Yes                        ; 2.62 V                      ; 4.66e-08 V                  ; 2.65 V             ; -0.0115 V          ; 0.219 V                             ; 0.115 V                             ; 1.64e-09 s                 ; 1.57e-09 s                 ; No                        ; Yes                       ;
; E             ; 2.5 V        ; 0 s                 ; 0 s                 ; 2.62 V                       ; 4.66e-08 V                   ; 2.72 V              ; -0.0215 V           ; 0.161 V                              ; 0.061 V                              ; 4.44e-10 s                  ; 4.06e-10 s                  ; No                         ; Yes                        ; 2.62 V                      ; 4.66e-08 V                  ; 2.72 V             ; -0.0215 V          ; 0.161 V                             ; 0.061 V                             ; 4.44e-10 s                 ; 4.06e-10 s                 ; No                        ; Yes                       ;
; S             ; 2.5 V        ; 0 s                 ; 0 s                 ; 2.62 V                       ; 4.66e-08 V                   ; 2.72 V              ; -0.0215 V           ; 0.161 V                              ; 0.061 V                              ; 4.44e-10 s                  ; 4.06e-10 s                  ; No                         ; Yes                        ; 2.62 V                      ; 4.66e-08 V                  ; 2.72 V             ; -0.0215 V          ; 0.161 V                             ; 0.061 V                             ; 4.44e-10 s                 ; 4.06e-10 s                 ; No                        ; Yes                       ;
; ~ALTERA_NCEO~ ; 2.5 V        ; 0 s                 ; 0 s                 ; 2.62 V                       ; 3.06e-08 V                   ; 2.86 V              ; -0.0341 V           ; 0.364 V                              ; 0.046 V                              ; 1.17e-10 s                  ; 2.6e-10 s                   ; No                         ; Yes                        ; 2.62 V                      ; 3.06e-08 V                  ; 2.86 V             ; -0.0341 V          ; 0.364 V                             ; 0.046 V                             ; 1.17e-10 s                 ; 2.6e-10 s                  ; No                        ; Yes                       ;
; ~ALTERA_DCLK~ ; 2.5 V        ; 0 s                 ; 0 s                 ; 2.62 V                       ; 3.81e-08 V                   ; 2.72 V              ; -0.0533 V           ; 0.144 V                              ; 0.088 V                              ; 2.55e-10 s                  ; 2.14e-10 s                  ; Yes                        ; Yes                        ; 2.62 V                      ; 3.81e-08 V                  ; 2.72 V             ; -0.0533 V          ; 0.144 V                             ; 0.088 V                             ; 2.55e-10 s                 ; 2.14e-10 s                 ; Yes                       ; Yes                       ;
+---------------+--------------+---------------------+---------------------+------------------------------+------------------------------+---------------------+---------------------+--------------------------------------+--------------------------------------+-----------------------------+-----------------------------+----------------------------+----------------------------+-----------------------------+-----------------------------+--------------------+--------------------+-------------------------------------+-------------------------------------+----------------------------+----------------------------+---------------------------+---------------------------+


-------------------
; Clock Transfers ;
-------------------
Nothing to report.


---------------
; Report TCCS ;
---------------
No dedicated SERDES Transmitter circuitry present in device or used in design


---------------
; Report RSKM ;
---------------
No non-DPA dedicated SERDES Receiver circuitry present in device or used in design


+------------------------------------------------+
; Unconstrained Paths                            ;
+---------------------------------+-------+------+
; Property                        ; Setup ; Hold ;
+---------------------------------+-------+------+
; Illegal Clocks                  ; 0     ; 0    ;
; Unconstrained Clocks            ; 0     ; 0    ;
; Unconstrained Input Ports       ; 8     ; 8    ;
; Unconstrained Input Port Paths  ; 48    ; 48   ;
; Unconstrained Output Ports      ; 15    ; 15   ;
; Unconstrained Output Port Paths ; 48    ; 48   ;
+---------------------------------+-------+------+


+------------------------------------+
; TimeQuest Timing Analyzer Messages ;
+------------------------------------+
Info: *******************************************************************
Info: Running Quartus II 32-bit TimeQuest Timing Analyzer
    Info: Version 13.1.0 Build 162 10/23/2013 SJ Full Version
    Info: Processing started: Sat Jan 11 20:30:53 2014
Info: Command: quartus_sta fourBitCoparer -c fourBitCoparer
Info: qsta_default_script.tcl version: #1
Info (20030): Parallel compilation is enabled and will use 2 of the 2 processors detected
Info (21076): High junction temperature operating condition is not set. Assuming a default value of '85'.
Info (21076): Low junction temperature operating condition is not set. Assuming a default value of '0'.
Critical Warning (332012): Synopsys Design Constraints File file not found: 'fourBitCoparer.sdc'. A Synopsys Design Constraints File is required by the TimeQuest Timing Analyzer to get proper timing constraints. Without it, the Compiler will not properly optimize the design.
Info (332142): No user constrained base clocks found in the design. Calling "derive_clocks -period 1.0"
Info (332096): The command derive_clocks did not find any clocks to derive.  No clocks were created or changed.
Warning (332068): No clocks defined in design.
Info (332143): No user constrained clock uncertainty found in the design. Calling "derive_clock_uncertainty"
Info (332154): The derive_clock_uncertainty command did not apply clock uncertainty to any clock-to-clock transfers.
Info: Found TIMEQUEST_REPORT_SCRIPT_INCLUDE_DEFAULT_ANALYSIS = ON
Info (332159): No clocks to report
Info: Analyzing Slow 1200mV 85C Model
Info (332140): No fmax paths to report
Info (332140): No Setup paths to report
Info (332140): No Hold paths to report
Info (332140): No Recovery paths to report
Info (332140): No Removal paths to report
Info (332140): No Minimum Pulse Width paths to report
Info: Analyzing Slow 1200mV 0C Model
Info (334003): Started post-fitting delay annotation
Info (334004): Delay annotation completed successfully
Info (332142): No user constrained base clocks found in the design. Calling "derive_clocks -period 1.0"
Info (332096): The command derive_clocks did not find any clocks to derive.  No clocks were created or changed.
Warning (332068): No clocks defined in design.
Info (332154): The derive_clock_uncertainty command did not apply clock uncertainty to any clock-to-clock transfers.
Info (332140): No fmax paths to report
Info (332140): No Setup paths to report
Info (332140): No Hold paths to report
Info (332140): No Recovery paths to report
Info (332140): No Removal paths to report
Info (332140): No Minimum Pulse Width paths to report
Info: Analyzing Fast 1200mV 0C Model
Info (332142): No user constrained base clocks found in the design. Calling "derive_clocks -period 1.0"
Info (332096): The command derive_clocks did not find any clocks to derive.  No clocks were created or changed.
Warning (332068): No clocks defined in design.
Info (332154): The derive_clock_uncertainty command did not apply clock uncertainty to any clock-to-clock transfers.
Info (332140): No Setup paths to report
Info (332140): No Hold paths to report
Info (332140): No Recovery paths to report
Info (332140): No Removal paths to report
Info (332140): No Minimum Pulse Width paths to report
Info (332102): Design is not fully constrained for setup requirements
Info (332102): Design is not fully constrained for hold requirements
Info: Quartus II 32-bit TimeQuest Timing Analyzer was successful. 0 errors, 4 warnings
    Info: Peak virtual memory: 396 megabytes
    Info: Processing ended: Sat Jan 11 20:30:57 2014
    Info: Elapsed time: 00:00:04
    Info: Total CPU time (on all processors): 00:00:04


